#0 building with "desktop-linux" instance using docker driver

#1 [internal] load build definition from Dockerfile
#1 transferring dockerfile: 281B 0.0s done
#1 DONE 0.1s

#2 [internal] load metadata for docker.io/library/python:3.11-slim
#2 DONE 1.6s

#3 [internal] load .dockerignore
#3 transferring context: 2B done
#3 DONE 0.0s

#4 [internal] load build context
#4 DONE 0.0s

#5 [1/6] FROM docker.io/library/python:3.11-slim@sha256:6f31d6e9ba2b0a787a3f81c37b004155b87b9efa1b771182bd550c1615745be5
#5 resolve docker.io/library/python:3.11-slim@sha256:6f31d6e9ba2b0a787a3f81c37b004155b87b9efa1b771182bd550c1615745be5 0.0s done
#5 ...

#4 [internal] load build context
#4 transferring context: 10.22kB 0.0s done
#4 DONE 0.1s

#5 [1/6] FROM docker.io/library/python:3.11-slim@sha256:6f31d6e9ba2b0a787a3f81c37b004155b87b9efa1b771182bd550c1615745be5
#5 sha256:295f1967d0454b54c78432d56f412a274da4b46e92cdf5679aea04fbd47b9c36 0B / 14.46MB 0.2s
#5 sha256:48355dfcbf9e05ad2daf9d9506583bdb41b02ff7d67a5f2b239217e09320604c 0B / 250B 0.2s
#5 sha256:f64163c1b799b4915c58c0439006ebe6e393a8c346d2393f08fa0ca74e306f6e 0B / 4.27MB 0.2s
#5 sha256:6b37362b3da78869050b894b799ad4df04f1f3b52774087db0d81151570244c8 0B / 29.83MB 0.2s
#5 sha256:295f1967d0454b54c78432d56f412a274da4b46e92cdf5679aea04fbd47b9c36 1.05MB / 14.46MB 0.3s
#5 sha256:48355dfcbf9e05ad2daf9d9506583bdb41b02ff7d67a5f2b239217e09320604c 250B / 250B 0.3s done
#5 sha256:295f1967d0454b54c78432d56f412a274da4b46e92cdf5679aea04fbd47b9c36 2.10MB / 14.46MB 0.5s
#5 sha256:295f1967d0454b54c78432d56f412a274da4b46e92cdf5679aea04fbd47b9c36 3.15MB / 14.46MB 0.6s
#5 sha256:295f1967d0454b54c78432d56f412a274da4b46e92cdf5679aea04fbd47b9c36 4.19MB / 14.46MB 0.8s
#5 sha256:f64163c1b799b4915c58c0439006ebe6e393a8c346d2393f08fa0ca74e306f6e 1.05MB / 4.27MB 0.8s
#5 sha256:295f1967d0454b54c78432d56f412a274da4b46e92cdf5679aea04fbd47b9c36 5.24MB / 14.46MB 1.1s
#5 sha256:f64163c1b799b4915c58c0439006ebe6e393a8c346d2393f08fa0ca74e306f6e 2.10MB / 4.27MB 1.1s
#5 sha256:f64163c1b799b4915c58c0439006ebe6e393a8c346d2393f08fa0ca74e306f6e 3.15MB / 4.27MB 1.4s
#5 sha256:f64163c1b799b4915c58c0439006ebe6e393a8c346d2393f08fa0ca74e306f6e 4.27MB / 4.27MB 1.4s done
#5 sha256:295f1967d0454b54c78432d56f412a274da4b46e92cdf5679aea04fbd47b9c36 6.29MB / 14.46MB 1.7s
#5 sha256:6b37362b3da78869050b894b799ad4df04f1f3b52774087db0d81151570244c8 2.10MB / 29.83MB 1.7s
#5 sha256:295f1967d0454b54c78432d56f412a274da4b46e92cdf5679aea04fbd47b9c36 7.34MB / 14.46MB 1.8s
#5 sha256:6b37362b3da78869050b894b799ad4df04f1f3b52774087db0d81151570244c8 4.19MB / 29.83MB 1.8s
#5 sha256:295f1967d0454b54c78432d56f412a274da4b46e92cdf5679aea04fbd47b9c36 8.39MB / 14.46MB 2.0s
#5 sha256:6b37362b3da78869050b894b799ad4df04f1f3b52774087db0d81151570244c8 7.34MB / 29.83MB 2.0s
#5 sha256:295f1967d0454b54c78432d56f412a274da4b46e92cdf5679aea04fbd47b9c36 9.44MB / 14.46MB 2.3s
#5 sha256:6b37362b3da78869050b894b799ad4df04f1f3b52774087db0d81151570244c8 11.53MB / 29.83MB 2.3s
#5 sha256:6b37362b3da78869050b894b799ad4df04f1f3b52774087db0d81151570244c8 14.68MB / 29.83MB 2.6s
#5 sha256:295f1967d0454b54c78432d56f412a274da4b46e92cdf5679aea04fbd47b9c36 10.49MB / 14.46MB 2.7s
#5 sha256:6b37362b3da78869050b894b799ad4df04f1f3b52774087db0d81151570244c8 16.78MB / 29.83MB 2.7s
#5 sha256:6b37362b3da78869050b894b799ad4df04f1f3b52774087db0d81151570244c8 19.92MB / 29.83MB 2.0s
#5 sha256:6b37362b3da78869050b894b799ad4df04f1f3b52774087db0d81151570244c8 22.02MB / 29.83MB 2.2s
#5 sha256:6b37362b3da78869050b894b799ad4df04f1f3b52774087db0d81151570244c8 25.17MB / 29.83MB 2.5s
#5 sha256:295f1967d0454b54c78432d56f412a274da4b46e92cdf5679aea04fbd47b9c36 11.53MB / 14.46MB 2.6s
#5 sha256:6b37362b3da78869050b894b799ad4df04f1f3b52774087db0d81151570244c8 27.26MB / 29.83MB 2.6s
#5 sha256:6b37362b3da78869050b894b799ad4df04f1f3b52774087db0d81151570244c8 29.83MB / 29.83MB 2.9s
#5 sha256:295f1967d0454b54c78432d56f412a274da4b46e92cdf5679aea04fbd47b9c36 12.58MB / 14.46MB 3.2s
#5 sha256:6b37362b3da78869050b894b799ad4df04f1f3b52774087db0d81151570244c8 29.83MB / 29.83MB 2.9s done
#5 extracting sha256:6b37362b3da78869050b894b799ad4df04f1f3b52774087db0d81151570244c8
#5 sha256:295f1967d0454b54c78432d56f412a274da4b46e92cdf5679aea04fbd47b9c36 14.46MB / 14.46MB 3.5s
#5 sha256:295f1967d0454b54c78432d56f412a274da4b46e92cdf5679aea04fbd47b9c36 14.46MB / 14.46MB 3.5s done
#5 extracting sha256:6b37362b3da78869050b894b799ad4df04f1f3b52774087db0d81151570244c8 1.6s done
#5 extracting sha256:f64163c1b799b4915c58c0439006ebe6e393a8c346d2393f08fa0ca74e306f6e
#5 extracting sha256:f64163c1b799b4915c58c0439006ebe6e393a8c346d2393f08fa0ca74e306f6e 0.3s done
#5 DONE 5.3s

#5 [1/6] FROM docker.io/library/python:3.11-slim@sha256:6f31d6e9ba2b0a787a3f81c37b004155b87b9efa1b771182bd550c1615745be5
#5 extracting sha256:295f1967d0454b54c78432d56f412a274da4b46e92cdf5679aea04fbd47b9c36
#5 extracting sha256:295f1967d0454b54c78432d56f412a274da4b46e92cdf5679aea04fbd47b9c36 1.1s done
#5 DONE 6.4s

#5 [1/6] FROM docker.io/library/python:3.11-slim@sha256:6f31d6e9ba2b0a787a3f81c37b004155b87b9efa1b771182bd550c1615745be5
#5 extracting sha256:48355dfcbf9e05ad2daf9d9506583bdb41b02ff7d67a5f2b239217e09320604c 0.1s done
#5 DONE 6.5s

#6 [2/6] WORKDIR /app
#6 DONE 1.3s

#7 [3/6] COPY requirements.txt .
#7 DONE 0.4s

#8 [4/6] RUN pip install --no-cache-dir -r requirements.txt
#8 5.067 Collecting confluent-kafka==2.12.2 (from -r requirements.txt (line 1))
#8 5.197   Downloading confluent_kafka-2.12.2-cp311-cp311-manylinux_2_28_x86_64.whl.metadata (31 kB)
#8 5.273 Collecting requests==2.32.5 (from -r requirements.txt (line 2))
#8 5.286   Downloading requests-2.32.5-py3-none-any.whl.metadata (4.9 kB)
#8 5.417 Collecting prometheus-client==0.23.1 (from -r requirements.txt (line 3))
#8 5.428   Downloading prometheus_client-0.23.1-py3-none-any.whl.metadata (1.9 kB)
#8 6.027 Collecting charset_normalizer<4,>=2 (from requests==2.32.5->-r requirements.txt (line 2))
#8 6.046   Downloading charset_normalizer-3.5.2-cp311-cp311-manylinux2014_x86_64.manylinux_2_17_x86_64.manylinux_2_28_x86_64.whl.metadata (46 kB)
#8 6.052      ━━━━━━━━━━━━━━━━━━━━━━━━━━━━━━━━━━━━━━━ 46.4/46.4 kB 104.0 MB/s eta 0:00:00
#8 6.093 Collecting idna<4,>=2.5 (from requests==2.32.5->-r requirements.txt (line 2))
#8 6.103   Downloading idna-3.20-py3-none-any.whl.metadata (7.2 kB)
#8 6.223 Collecting urllib3<3,>=1.21.1 (from requests==2.32.5->-r requirements.txt (line 2))
#8 6.235   Downloading urllib3-2.8.0-py3-none-any.whl.metadata (7.4 kB)
#8 6.278 Collecting certifi>=2017.4.17 (from requests==2.32.5->-r requirements.txt (line 2))
#8 6.299   Downloading certifi-2026.7.22-py3-none-any.whl.metadata (2.5 kB)
#8 6.344 Downloading confluent_kafka-2.12.2-cp311-cp311-manylinux_2_28_x86_64.whl (3.9 MB)
#8 6.775    ━━━━━━━━━━━━━━━━━━━━━━━━━━━━━━━━━━━━━━━━ 3.9/3.9 MB 9.3 MB/s eta 0:00:00
#8 6.791 Downloading requests-2.32.5-py3-none-any.whl (64 kB)
#8 6.796    ━━━━━━━━━━━━━━━━━━━━━━━━━━━━━━━━━━━━━━━━ 64.7/64.7 kB 45.3 MB/s eta 0:00:00
#8 6.827 Downloading prometheus_client-0.23.1-py3-none-any.whl (61 kB)
#8 6.835    ━━━━━━━━━━━━━━━━━━━━━━━━━━━━━━━━━━━━━━━━ 61.1/61.1 kB 13.6 MB/s eta 0:00:00
#8 6.857 Downloading certifi-2026.7.22-py3-none-any.whl (136 kB)
#8 6.867    ━━━━━━━━━━━━━━━━━━━━━━━━━━━━━━━━━━━━━━━━ 137.0/137.0 kB 23.5 MB/s eta 0:00:00
#8 6.879 Downloading charset_normalizer-3.5.2-cp311-cp311-manylinux2014_x86_64.manylinux_2_17_x86_64.manylinux_2_28_x86_64.whl (269 kB)
#8 6.901    ━━━━━━━━━━━━━━━━━━━━━━━━━━━━━━━━━━━━━━━━ 270.0/270.0 kB 15.4 MB/s eta 0:00:00
#8 6.909 Downloading idna-3.20-py3-none-any.whl (69 kB)
#8 6.919    ━━━━━━━━━━━━━━━━━━━━━━━━━━━━━━━━━━━━━━━━ 69.6/69.6 kB 12.3 MB/s eta 0:00:00
#8 6.936 Downloading urllib3-2.8.0-py3-none-any.whl (135 kB)
#8 6.949    ━━━━━━━━━━━━━━━━━━━━━━━━━━━━━━━━━━━━━━━━ 135.7/135.7 kB 13.8 MB/s eta 0:00:00
#8 7.311 Installing collected packages: urllib3, prometheus-client, idna, confluent-kafka, charset_normalizer, certifi, requests
#8 8.016 Successfully installed certifi-2026.7.22 charset_normalizer-3.5.2 confluent-kafka-2.12.2 idna-3.20 prometheus-client-0.23.1 requests-2.32.5 urllib3-2.8.0
#8 8.017 WARNING: Running pip as the 'root' user can result in broken permissions and conflicting behaviour with the system package manager. It is recommended to use a virtual environment instead: https://pip.pypa.io/warnings/venv
#8 8.198 
#8 8.198 [notice] A new release of pip is available: 24.0 -> 26.2.1
#8 8.198 [notice] To update, run: pip install --upgrade pip
#8 DONE 8.7s

#9 [5/6] COPY producer.py .
#9 DONE 0.2s

#10 [6/6] RUN useradd --create-home --uid 1001 producer
#10 DONE 0.7s

#11 exporting to image
#11 exporting layers
#11 exporting layers 2.2s done
#11 exporting manifest sha256:7c2e097d59f30824850461ed0f835c4b47d05d4c19c909effcefea82815ef2b1 0.0s done
#11 exporting config sha256:5cc3475d2be6ee5a422033c2ab5daa78213a81a7711aefe4cefbdbc4d02c40b9 0.0s done
#11 exporting attestation manifest sha256:13e556c045c3f6e5565e1be440b2c2ccb2d585f37d638251be7ef87a76f24403 0.0s done
#11 exporting manifest list sha256:57b9c66560854097404d7591eec75a3f864815d2f66486c8488dc9c021db14dc
#11 exporting manifest list sha256:57b9c66560854097404d7591eec75a3f864815d2f66486c8488dc9c021db14dc 0.0s done
#11 naming to docker.io/velib/producer:dev done
#11 unpacking to docker.io/velib/producer:dev
#11 unpacking to docker.io/velib/producer:dev 0.8s done
#11 DONE 3.1s

View build details: docker-desktop://dashboard/build/desktop-linux/desktop-linux/gaoiknw9kld1ts5o7l3rox0qg
EXIT 0
